// Jest Snapshot v1, https://goo.gl/fbAQLP

exports[`snapshot  take snapshot 1`] = `
<RCTSafeAreaView
  style={
    {
      "alignItems": "center",
      "backgroundColor": "white",
      "height": "100%",
      "justifyContent": "center",
      "width": "100%",
    }
  }
>
  <View
    accessibilityState={
      {
        "busy": undefined,
        "checked": undefined,
        "disabled": undefined,
        "expanded": undefined,
        "selected": undefined,
      }
    }
    accessibilityValue={
      {
        "max": undefined,
        "min": undefined,
        "now": undefined,
        "text": undefined,
      }
    }
    accessible={true}
    collapsable={false}
    focusable={true}
    onClick={[Function]}
    onResponderGrant={[Function]}
    onResponderMove={[Function]}
    onResponderRelease={[Function]}
    onResponderTerminate={[Function]}
    onResponderTerminationRequest={[Function]}
    onStartShouldSetResponder={[Function]}
    style={
      {
        "opacity": 1,
      }
    }
    testID="button-1"
  >
    <Text>
      Click
    </Text>
  </View>
  <Text>
    Count: 
    0
  </Text>
  <TextInput
    onChangeText={[Function]}
    placeholder="username"
    testID="textInput"
    value=""
  />
  <Text />
</RCTSafeAreaView>
`;
